{
  "version": "1.5.0",
  "plugins_used": [
    {
      "name": "ArtifactoryDetector"
    },
    {
      "name": "AWSKeyDetector"
    },
    {
      "name": "AzureStorageKeyDetector"
    },
    {
      "name": "Base64HighEntropyString",
      "limit": 4.5
    },
    {
      "name": "BasicAuthDetector"
    },
    {
      "name": "CloudantDetector"
    },
    {
      "name": "DiscordBotTokenDetector"
    },
    {
      "name": "GitHubTokenDetector"
    },
    {
      "name": "GitLabTokenDetector"
    },
    {
      "name": "HexHighEntropyString",
      "limit": 3.0
    },
    {
      "name": "IbmCloudIamDetector"
    },
    {
      "name": "IbmCosHmacDetector"
    },
    {
      "name": "IPPublicDetector"
    },
    {
      "name": "JwtTokenDetector"
    },
    {
      "name": "KeywordDetector",
      "keyword_exclude": ""
    },
    {
      "name": "MailchimpDetector"
    },
    {
      "name": "NpmDetector"
    },
    {
      "name": "OpenAIDetector"
    },
    {
      "name": "PrivateKeyDetector"
    },
    {
      "name": "PypiTokenDetector"
    },
    {
      "name": "SendGridDetector"
    },
    {
      "name": "SlackDetector"
    },
    {
      "name": "SoftlayerDetector"
    },
    {
      "name": "SquareOAuthDetector"
    },
    {
      "name": "StripeDetector"
    },
    {
      "name": "TelegramBotTokenDetector"
    },
    {
      "name": "TwilioKeyDetector"
    }
  ],
  "filters_used": [
    {
      "path": "detect_secrets.filters.allowlist.is_line_allowlisted"
    },
    {
      "path": "detect_secrets.filters.common.is_baseline_file",
      "filename": ".secrets.baseline"
    },
    {
      "path": "detect_secrets.filters.common.is_ignored_due_to_verification_policies",
      "min_level": 2
    },
    {
      "path": "detect_secrets.filters.heuristic.is_indirect_reference"
    },
    {
      "path": "detect_secrets.filters.heuristic.is_likely_id_string"
    },
    {
      "path": "detect_secrets.filters.heuristic.is_lock_file"
    },
    {
      "path": "detect_secrets.filters.heuristic.is_not_alphanumeric_string"
    },
    {
      "path": "detect_secrets.filters.heuristic.is_potential_uuid"
    },
    {
      "path": "detect_secrets.filters.heuristic.is_prefixed_with_dollar_sign"
    },
    {
      "path": "detect_secrets.filters.heuristic.is_sequential_string"
    },
    {
      "path": "detect_secrets.filters.heuristic.is_swagger_file"
    },
    {
      "path": "detect_secrets.filters.heuristic.is_templated_secret"
    }
  ],
  "results": {
    ".github\\workflows\\tests.yml": [
      {
        "type": "Secret Keyword",
        "filename": ".github\\workflows\\tests.yml",
        "hashed_secret": "290cca2098a297a8a26187087aaf68b7058ef479",
        "is_verified": false,
        "line_number": 29
      }
    ],
    "adversarial_honeypot\\api\\index.js": [
      {
        "type": "JSON Web Token",
        "filename": "adversarial_honeypot\\api\\index.js",
        "hashed_secret": "662fafb579b1e0bd4ba24fa8033631b89cb1d8ce",
        "is_verified": false,
        "line_number": 408
      }
    ],
    "adversarial_honeypot\\public\\config.js": [
      {
        "type": "Secret Keyword",
        "filename": "adversarial_honeypot\\public\\config.js",
        "hashed_secret": "5d4bed153fc8ea0195415aef0f889afd4b208f39",
        "is_verified": false,
        "line_number": 13
      }
    ],
    "config.example.yaml": [
      {
        "type": "Secret Keyword",
        "filename": "config.example.yaml",
        "hashed_secret": "e06506c6930365fa3e751b29bff2203f00d0d20e",
        "is_verified": false,
        "line_number": 71
      }
    ],
    "docs\\TITAN-MODULES-DEEP-DIVE.md": [
      {
        "type": "Private Key",
        "filename": "docs\\TITAN-MODULES-DEEP-DIVE.md",
        "hashed_secret": "be4fc4886bd949b369d5e092eb87494f12e57e5b",
        "is_verified": false,
        "line_number": 149
      }
    ],
    "docs\\pentesting_methodology_guide.md": [
      {
        "type": "Secret Keyword",
        "filename": "docs\\pentesting_methodology_guide.md",
        "hashed_secret": "0c6ba03885f3aae765fbf20f07f514a44dbda30a",
        "is_verified": false,
        "line_number": 230
      },
      {
        "type": "Secret Keyword",
        "filename": "docs\\pentesting_methodology_guide.md",
        "hashed_secret": "a94a8fe5ccb19ba61c4c0873d391e987982fbbd3",
        "is_verified": false,
        "line_number": 667
      },
      {
        "type": "Secret Keyword",
        "filename": "docs\\pentesting_methodology_guide.md",
        "hashed_secret": "a4b48a81cdab1e1a5dd37907d6c85ca1c61ddc7c",
        "is_verified": false,
        "line_number": 685
      }
    ],
    "local_lab\\app.py": [
      {
        "type": "Secret Keyword",
        "filename": "local_lab\\app.py",
        "hashed_secret": "bbc5def5ff61d2066dee44345c9cbd3f1446d78a",
        "is_verified": false,
        "line_number": 405
      },
      {
        "type": "Secret Keyword",
        "filename": "local_lab\\app.py",
        "hashed_secret": "e6f4db75f452fc1231fb23d2c25f855b1070805e",
        "is_verified": false,
        "line_number": 406
      },
      {
        "type": "Base64 High Entropy String",
        "filename": "local_lab\\app.py",
        "hashed_secret": "d70eab08607a4d05faa2d0d6647206599e9abc65",
        "is_verified": false,
        "line_number": 407
      },
      {
        "type": "Secret Keyword",
        "filename": "local_lab\\app.py",
        "hashed_secret": "d70eab08607a4d05faa2d0d6647206599e9abc65",
        "is_verified": false,
        "line_number": 407
      }
    ],
    "local_lab\\streaming.py": [
      {
        "type": "Secret Keyword",
        "filename": "local_lab\\streaming.py",
        "hashed_secret": "7af01ae1726379c3fdb12492bfcfe44645a554f2",
        "is_verified": false,
        "line_number": 31
      },
      {
        "type": "Secret Keyword",
        "filename": "local_lab\\streaming.py",
        "hashed_secret": "ea52eb3a7cfce4981d3468b7335e8f9ef05bb202",
        "is_verified": false,
        "line_number": 74
      }
    ],
    "scripts\\ctf_compare_flags.py": [
      {
        "type": "Hex High Entropy String",
        "filename": "scripts\\ctf_compare_flags.py",
        "hashed_secret": "8a11e2d8402fe2cb5c96f6066963abfa94ef4e80",
        "is_verified": false,
        "line_number": 11
      }
    ],
    "scripts\\deep_verify.py": [
      {
        "type": "Secret Keyword",
        "filename": "scripts\\deep_verify.py",
        "hashed_secret": "054ac17315e56e9f9452127a18ee42face14869f",
        "is_verified": false,
        "line_number": 240
      }
    ],
    "scripts\\firebase_probe.py": [
      {
        "type": "Secret Keyword",
        "filename": "scripts\\firebase_probe.py",
        "hashed_secret": "054ac17315e56e9f9452127a18ee42face14869f",
        "is_verified": false,
        "line_number": 72
      }
    ],
    "tests\\oracle_shared.py": [
      {
        "type": "Secret Keyword",
        "filename": "tests\\oracle_shared.py",
        "hashed_secret": "6a5871fd120a6006d805dbc647b47c5e8a1b2ae5",
        "is_verified": false,
        "line_number": 39
      },
      {
        "type": "Hex High Entropy String",
        "filename": "tests\\oracle_shared.py",
        "hashed_secret": "bd614f59139c2fcc358550aec6a59057ec82e581",
        "is_verified": false,
        "line_number": 169
      },
      {
        "type": "Hex High Entropy String",
        "filename": "tests\\oracle_shared.py",
        "hashed_secret": "046cb8ece8e8bfca300faa231f34c264745e31a9",
        "is_verified": false,
        "line_number": 363
      },
      {
        "type": "Secret Keyword",
        "filename": "tests\\oracle_shared.py",
        "hashed_secret": "6014c06eb0704c94e4bbbd0ec64eb7ea2dda6600",
        "is_verified": false,
        "line_number": 383
      },
      {
        "type": "AWS Access Key",
        "filename": "tests\\oracle_shared.py",
        "hashed_secret": "25910f981e85ca04baf359199dd0bd4a3ae738b6",
        "is_verified": false,
        "line_number": 394
      }
    ],
    "tests\\test_deep_audit.py": [
      {
        "type": "Secret Keyword",
        "filename": "tests\\test_deep_audit.py",
        "hashed_secret": "3acfb2c2b433c0ea7ff107e33df91b18e52f960f",
        "is_verified": false,
        "line_number": 18
      },
      {
        "type": "Secret Keyword",
        "filename": "tests\\test_deep_audit.py",
        "hashed_secret": "d2fc167028489f2f31fc3552bd29fa383a89e3a6",
        "is_verified": false,
        "line_number": 71
      },
      {
        "type": "AWS Access Key",
        "filename": "tests\\test_deep_audit.py",
        "hashed_secret": "25910f981e85ca04baf359199dd0bd4a3ae738b6",
        "is_verified": false,
        "line_number": 99
      },
      {
        "type": "Secret Keyword",
        "filename": "tests\\test_deep_audit.py",
        "hashed_secret": "25910f981e85ca04baf359199dd0bd4a3ae738b6",
        "is_verified": false,
        "line_number": 103
      }
    ],
    "tests\\test_identity.py": [
      {
        "type": "Secret Keyword",
        "filename": "tests\\test_identity.py",
        "hashed_secret": "9cf22d0382caaf3a5284f9449495931382f3917f",
        "is_verified": false,
        "line_number": 43
      },
      {
        "type": "Secret Keyword",
        "filename": "tests\\test_identity.py",
        "hashed_secret": "89f8b611f4c1bee729b1fcadaa0656e524d352fa",
        "is_verified": false,
        "line_number": 44
      }
    ],
    "tests\\test_imds.py": [
      {
        "type": "AWS Access Key",
        "filename": "tests\\test_imds.py",
        "hashed_secret": "25910f981e85ca04baf359199dd0bd4a3ae738b6",
        "is_verified": false,
        "line_number": 145
      },
      {
        "type": "Base64 High Entropy String",
        "filename": "tests\\test_imds.py",
        "hashed_secret": "d70eab08607a4d05faa2d0d6647206599e9abc65",
        "is_verified": false,
        "line_number": 146
      },
      {
        "type": "Secret Keyword",
        "filename": "tests\\test_imds.py",
        "hashed_secret": "d70eab08607a4d05faa2d0d6647206599e9abc65",
        "is_verified": false,
        "line_number": 146
      }
    ],
    "tests\\test_local_lab.py": [
      {
        "type": "Secret Keyword",
        "filename": "tests\\test_local_lab.py",
        "hashed_secret": "2ec49e283120f9d3240aff6a6708a4e6075db229",
        "is_verified": false,
        "line_number": 19
      }
    ],
    "tests\\test_reporting.py": [
      {
        "type": "Secret Keyword",
        "filename": "tests\\test_reporting.py",
        "hashed_secret": "f3bbbd66a63d4bf1747940578ec3d0103530e21d",
        "is_verified": false,
        "line_number": 133
      }
    ],
    "tests\\test_shop_fixtures.py": [
      {
        "type": "Secret Keyword",
        "filename": "tests\\test_shop_fixtures.py",
        "hashed_secret": "f0bd251b08338c230d420f33106faf13a12cace5",
        "is_verified": false,
        "line_number": 65
      }
    ],
    "tests\\test_sourcesecret.py": [
      {
        "type": "Secret Keyword",
        "filename": "tests\\test_sourcesecret.py",
        "hashed_secret": "8dc9d93baf9fe2741b6260e29c261cdfe207b974",
        "is_verified": false,
        "line_number": 21
      },
      {
        "type": "GitHub Token",
        "filename": "tests\\test_sourcesecret.py",
        "hashed_secret": "e175c6f5f2a92e8623bd9a4820edb4e8c1b0fd10",
        "is_verified": false,
        "line_number": 42
      },
      {
        "type": "Secret Keyword",
        "filename": "tests\\test_sourcesecret.py",
        "hashed_secret": "dff6e82388a5ac6ca2151f2d3ffb9b116079d6f8",
        "is_verified": false,
        "line_number": 103
      }
    ],
    "titan\\ai\\payloadforge.py": [
      {
        "type": "Base64 High Entropy String",
        "filename": "titan\\ai\\payloadforge.py",
        "hashed_secret": "0780effb6dd0070f79309601066234ce902cb903",
        "is_verified": false,
        "line_number": 396
      }
    ],
    "titan\\brain\\loop.py": [
      {
        "type": "Secret Keyword",
        "filename": "titan\\brain\\loop.py",
        "hashed_secret": "10c21d3dbfa813570045a23241f53b154d59758d",
        "is_verified": false,
        "line_number": 559
      }
    ],
    "titan\\core\\fingerprint_signatures.py": [
      {
        "type": "Secret Keyword",
        "filename": "titan\\core\\fingerprint_signatures.py",
        "hashed_secret": "8be3c943b1609fffbfc51aad666d0a04adf83c9d",
        "is_verified": false,
        "line_number": 719
      },
      {
        "type": "Secret Keyword",
        "filename": "titan\\core\\fingerprint_signatures.py",
        "hashed_secret": "f4e7a8740db0b7a0bfd8e63077261475f61fc2a6",
        "is_verified": false,
        "line_number": 722
      },
      {
        "type": "Secret Keyword",
        "filename": "titan\\core\\fingerprint_signatures.py",
        "hashed_secret": "47acd2028cf81b5da88ddeedb2aea4eca4b71fbd",
        "is_verified": false,
        "line_number": 723
      }
    ],
    "titan\\core\\models.py": [
      {
        "type": "Secret Keyword",
        "filename": "titan\\core\\models.py",
        "hashed_secret": "bd6149e59cb69a8c1c744bbf26603236f3155b70",
        "is_verified": false,
        "line_number": 68
      }
    ],
    "titan\\core\\spec_ingest.py": [
      {
        "type": "Secret Keyword",
        "filename": "titan\\core\\spec_ingest.py",
        "hashed_secret": "665b1e3851eefefa3fb878654292f16597d25155",
        "is_verified": false,
        "line_number": 43
      }
    ],
    "titan\\exploit\\vault.b64": [
      {
        "type": "Base64 High Entropy String",
        "filename": "titan\\exploit\\vault.b64",
        "hashed_secret": "cd9cad92d123fc8eb845e2cb79afb199a121d5d4",
        "is_verified": false,
        "line_number": 2
      },
      {
        "type": "Base64 High Entropy String",
        "filename": "titan\\exploit\\vault.b64",
        "hashed_secret": "c18acb06e99cd35e18d530c60a5138660755472b",
        "is_verified": false,
        "line_number": 3
      }
    ],
    "titan\\learn\\trends.py": [
      {
        "type": "Secret Keyword",
        "filename": "titan\\learn\\trends.py",
        "hashed_secret": "bd6149e59cb69a8c1c744bbf26603236f3155b70",
        "is_verified": false,
        "line_number": 128
      }
    ],
    "titan\\modules\\baas\\appwrite.py": [
      {
        "type": "Secret Keyword",
        "filename": "titan\\modules\\baas\\appwrite.py",
        "hashed_secret": "7288edd0fc3ffcbe93a0cf06e3568e28521687bc",
        "is_verified": false,
        "line_number": 139
      },
      {
        "type": "Secret Keyword",
        "filename": "titan\\modules\\baas\\appwrite.py",
        "hashed_secret": "12793e4a9136300fbf144bbda7afe60022dd1591",
        "is_verified": false,
        "line_number": 168
      }
    ],
    "titan\\modules\\baas\\authservices.py": [
      {
        "type": "Secret Keyword",
        "filename": "titan\\modules\\baas\\authservices.py",
        "hashed_secret": "7288edd0fc3ffcbe93a0cf06e3568e28521687bc",
        "is_verified": false,
        "line_number": 118
      },
      {
        "type": "Secret Keyword",
        "filename": "titan\\modules\\baas\\authservices.py",
        "hashed_secret": "a94a8fe5ccb19ba61c4c0873d391e987982fbbd3",
        "is_verified": false,
        "line_number": 133
      },
      {
        "type": "Secret Keyword",
        "filename": "titan\\modules\\baas\\authservices.py",
        "hashed_secret": "12793e4a9136300fbf144bbda7afe60022dd1591",
        "is_verified": false,
        "line_number": 221
      }
    ],
    "titan\\modules\\baas\\firebase.py": [
      {
        "type": "Secret Keyword",
        "filename": "titan\\modules\\baas\\firebase.py",
        "hashed_secret": "7288edd0fc3ffcbe93a0cf06e3568e28521687bc",
        "is_verified": false,
        "line_number": 118
      }
    ],
    "titan\\modules\\crypto\\detector.py": [
      {
        "type": "Secret Keyword",
        "filename": "titan\\modules\\crypto\\detector.py",
        "hashed_secret": "d033e22ae348aeb5660fc2140aec35850c4da997",
        "is_verified": false,
        "line_number": 211
      }
    ],
    "titan\\modules\\deep_audit\\prober.py": [
      {
        "type": "Secret Keyword",
        "filename": "titan\\modules\\deep_audit\\prober.py",
        "hashed_secret": "a94a8fe5ccb19ba61c4c0873d391e987982fbbd3",
        "is_verified": false,
        "line_number": 480
      }
    ],
    "titan\\modules\\deser\\detector.py": [
      {
        "type": "Base64 High Entropy String",
        "filename": "titan\\modules\\deser\\detector.py",
        "hashed_secret": "ad327b39a1e7e66f10119e8713f8ed765b70c82d",
        "is_verified": false,
        "line_number": 39
      },
      {
        "type": "Base64 High Entropy String",
        "filename": "titan\\modules\\deser\\detector.py",
        "hashed_secret": "483053a37aed6801cd9af19367a6d6f695f79ab8",
        "is_verified": false,
        "line_number": 56
      },
      {
        "type": "Base64 High Entropy String",
        "filename": "titan\\modules\\deser\\detector.py",
        "hashed_secret": "d4daa9c55f413ec295cf73b82b0750c0214fe2de",
        "is_verified": false,
        "line_number": 64
      }
    ],
    "titan\\modules\\graphql\\detector.py": [
      {
        "type": "Secret Keyword",
        "filename": "titan\\modules\\graphql\\detector.py",
        "hashed_secret": "12793e4a9136300fbf144bbda7afe60022dd1591",
        "is_verified": false,
        "line_number": 165
      }
    ],
    "titan\\modules\\parserdiff\\detector.py": [
      {
        "type": "Private Key",
        "filename": "titan\\modules\\parserdiff\\detector.py",
        "hashed_secret": "27c6929aef41ae2bcadac15ca6abcaff72cda9cd",
        "is_verified": false,
        "line_number": 98
      },
      {
        "type": "Private Key",
        "filename": "titan\\modules\\parserdiff\\detector.py",
        "hashed_secret": "be4fc4886bd949b369d5e092eb87494f12e57e5b",
        "is_verified": false,
        "line_number": 98
      }
    ],
    "titan\\modules\\postexploit\\postexploit.py": [
      {
        "type": "Secret Keyword",
        "filename": "titan\\modules\\postexploit\\postexploit.py",
        "hashed_secret": "7288edd0fc3ffcbe93a0cf06e3568e28521687bc",
        "is_verified": false,
        "line_number": 428
      }
    ],
    "titan\\modules\\xxe\\detector.py": [
      {
        "type": "Private Key",
        "filename": "titan\\modules\\xxe\\detector.py",
        "hashed_secret": "27c6929aef41ae2bcadac15ca6abcaff72cda9cd",
        "is_verified": false,
        "line_number": 69
      },
      {
        "type": "Private Key",
        "filename": "titan\\modules\\xxe\\detector.py",
        "hashed_secret": "be4fc4886bd949b369d5e092eb87494f12e57e5b",
        "is_verified": false,
        "line_number": 69
      }
    ],
    "titan\\transport\\ssh.py": [
      {
        "type": "Secret Keyword",
        "filename": "titan\\transport\\ssh.py",
        "hashed_secret": "e5e9fa1ba31ecd1ae84f75caaa474f3a663f05f4",
        "is_verified": false,
        "line_number": 42
      }
    ]
  },
  "generated_at": "2026-09-08T23:24:23Z"
}
